INFO:singleprocessing:Start run 2026-02-14 12:16:01
INFO:singleprocessing:Clearing files in directory "mirror\data\output\ExampleMirrorOutput"...
INFO:singleprocessing:Initializing render control structures...
INFO:singleprocessing:Beginning tests...
INFO:singleprocessing:

Starting ExampleMirrorOutput.example_mirror()...
INFO:singleprocessing:Closing existing plot windows...
INFO:singleprocessing:Resetting figure management structure...
INFO:singleprocessing:In View3d.save(), saving figure: mirror\data\output\ExampleMirrorOutput\emo001_Mirror_rectangle_2.0m_x_3.0m_f_eq_2.0m_Face_Up_Face_Up_3d.png
INFO:singleprocessing:Saving figure text: mirror\data\output\ExampleMirrorOutput\emo001_Mirror_rectangle_2.0m_x_3.0m_f_eq_2.0m_Face_Up_Face_Up_3d.txt
INFO:singleprocessing:

Starting ExampleMirrorOutput.example_pentagon_elevation_30deg()...
INFO:singleprocessing:Closing existing plot windows...
INFO:singleprocessing:Resetting figure management structure...
INFO:singleprocessing:In View3d.save(), saving figure: mirror\data\output\ExampleMirrorOutput\emo002_Mirror_pentagon_f_eq_2.0m_Elevation_30_Degrees_3d.png
INFO:singleprocessing:Saving figure text: mirror\data\output\ExampleMirrorOutput\emo002_Mirror_pentagon_f_eq_2.0m_Elevation_30_Degrees_3d.txt
INFO:singleprocessing:

Starting ExampleMirrorOutput.example_deep_pentagon_elevation_60deg_embedding()...
INFO:singleprocessing:Closing existing plot windows...
INFO:singleprocessing:Resetting figure management structure...
INFO:singleprocessing:In View3d.save(), saving figure: mirror\data\output\ExampleMirrorOutput\emo010_Mirror_pentagon_f_eq_1.0m_Elevation_60_Degrees_Embedding_Surface_3d.png
INFO:singleprocessing:Saving figure text: mirror\data\output\ExampleMirrorOutput\emo010_Mirror_pentagon_f_eq_1.0m_Elevation_60_Degrees_Embedding_Surface_3d.txt
INFO:singleprocessing:

Starting ExampleMirrorOutput.example_deep_pentagon_elevation_face_up_embedding()...
INFO:singleprocessing:Closing existing plot windows...
INFO:singleprocessing:Resetting figure management structure...
INFO:singleprocessing:In View3d.save(), saving figure: mirror\data\output\ExampleMirrorOutput\emo011_Mirror_pentagon_f_eq_1.0m_Face_Up_Embedding_Surface_3d.png
INFO:singleprocessing:Saving figure text: mirror\data\output\ExampleMirrorOutput\emo011_Mirror_pentagon_f_eq_1.0m_Face_Up_Embedding_Surface_3d.txt
INFO:singleprocessing:

Starting ExampleMirrorOutput.example_deep_pentagon_elevation_face_up_embedding()...
INFO:singleprocessing:Closing existing plot windows...
INFO:singleprocessing:Resetting figure management structure...
WARNING:singleprocessing:WARNING: In View3d.show(), setting equal axes while also setting axis limits can prevent axis limits from taking effect.
INFO:singleprocessing:In View3d.save(), saving figure: mirror\data\output\ExampleMirrorOutput\emo012_Mirror_pentagon_f_eq_1.0m_Face_Up_Embedding_Surface_xy.png
INFO:singleprocessing:Saving figure text: mirror\data\output\ExampleMirrorOutput\emo012_Mirror_pentagon_f_eq_1.0m_Face_Up_Embedding_Surface_xy.txt
INFO:singleprocessing:

Starting ExampleMirrorOutput.example_deep_pentagon_elevation_face_up_embedding()...
INFO:singleprocessing:Closing existing plot windows...
INFO:singleprocessing:Resetting figure management structure...
WARNING:singleprocessing:WARNING: In View3d.show(), setting equal axes while also setting axis limits can prevent axis limits from taking effect.
INFO:singleprocessing:In View3d.save(), saving figure: mirror\data\output\ExampleMirrorOutput\emo013_Mirror_pentagon_f_eq_1.0m_Face_Up_Embedding_Surface_xz.png
INFO:singleprocessing:Saving figure text: mirror\data\output\ExampleMirrorOutput\emo013_Mirror_pentagon_f_eq_1.0m_Face_Up_Embedding_Surface_xz.txt
INFO:singleprocessing:

Starting ExampleMirrorOutput.example_deep_pentagon_elevation_face_up_embedding()...
INFO:singleprocessing:Closing existing plot windows...
INFO:singleprocessing:Resetting figure management structure...
WARNING:singleprocessing:WARNING: In View3d.show(), setting equal axes while also setting axis limits can prevent axis limits from taking effect.
INFO:singleprocessing:In View3d.save(), saving figure: mirror\data\output\ExampleMirrorOutput\emo014_Mirror_pentagon_f_eq_1.0m_Face_Up_Embedding_Surface_yz.png
INFO:singleprocessing:Saving figure text: mirror\data\output\ExampleMirrorOutput\emo014_Mirror_pentagon_f_eq_1.0m_Face_Up_Embedding_Surface_yz.txt
INFO:singleprocessing:

Starting ExampleMirrorOutput.example_facet()...
INFO:singleprocessing:Closing existing plot windows...
INFO:singleprocessing:Resetting figure management structure...
INFO:singleprocessing:In View3d.save(), saving figure: mirror\data\output\ExampleMirrorOutput\emo020_Facet_from_Mirror_rectangle_2.0m_x_3.0m_f_eq_2.0m_Face_Up_3d.png
INFO:singleprocessing:Saving figure text: mirror\data\output\ExampleMirrorOutput\emo020_Facet_from_Mirror_rectangle_2.0m_x_3.0m_f_eq_2.0m_Face_Up_3d.txt
INFO:singleprocessing:

Starting ExampleMirrorOutput.example_heliostat_surface_normals()...
INFO:singleprocessing:Closing existing plot windows...
INFO:singleprocessing:Resetting figure management structure...
INFO:singleprocessing:In View3d.save(), saving figure: mirror\data\output\ExampleMirrorOutput\emo021_Heliostat_with_Parametrically_Defined_Facets_3d.png
INFO:singleprocessing:Saving figure text: mirror\data\output\ExampleMirrorOutput\emo021_Heliostat_with_Parametrically_Defined_Facets_3d.txt
INFO:singleprocessing:

Starting ExampleMirrorOutput.example_solar_field()...
INFO:singleprocessing:Closing existing plot windows...
INFO:singleprocessing:Resetting figure management structure...
INFO:singleprocessing:In View3d.save(), saving figure: mirror\data\output\ExampleMirrorOutput\emo030_Two_Heliostats_3d.png
INFO:singleprocessing:Saving figure text: mirror\data\output\ExampleMirrorOutput\emo030_Two_Heliostats_3d.txt
INFO:singleprocessing:

Starting ExampleMirrorOutput.example_heliostat_05W01_and_14W01()...
INFO:singleprocessing:Closing existing plot windows...
INFO:singleprocessing:Resetting figure management structure...
INFO:singleprocessing:In View3d.save(), saving figure: mirror\data\output\ExampleMirrorOutput\emo040_NSTTF_Heliostat_5W01_long_normals__xy.png
INFO:singleprocessing:Saving figure text: mirror\data\output\ExampleMirrorOutput\emo040_NSTTF_Heliostat_5W01_long_normals__xy.txt
INFO:singleprocessing:In View3d.save(), saving figure: mirror\data\output\ExampleMirrorOutput\emo041_NSTTF_Heliostat_14W01_long_normals__xy.png
INFO:singleprocessing:Saving figure text: mirror\data\output\ExampleMirrorOutput\emo041_NSTTF_Heliostat_14W01_long_normals__xy.txt
INFO:singleprocessing:In View3d.save(), saving figure: mirror\data\output\ExampleMirrorOutput\emo042_Two_NSTTF_Heliostats_5W01_and_14W01_very_long_normals__yz.png
INFO:singleprocessing:Saving figure text: mirror\data\output\ExampleMirrorOutput\emo042_Two_NSTTF_Heliostats_5W01_and_14W01_very_long_normals__yz.txt
INFO:singleprocessing:In View3d.save(), saving figure: mirror\data\output\ExampleMirrorOutput\emo050_NSTTF_Heliostat_5W01_exaggerated_z__3d_3.71z4.42.png
INFO:singleprocessing:Saving figure text: mirror\data\output\ExampleMirrorOutput\emo050_NSTTF_Heliostat_5W01_exaggerated_z__3d_3.71z4.42.txt
INFO:singleprocessing:In View3d.save(), saving figure: mirror\data\output\ExampleMirrorOutput\emo051_NSTTF_Heliostat_5W01_exaggerated_z__yz_3.71z4.42.png
INFO:singleprocessing:Saving figure text: mirror\data\output\ExampleMirrorOutput\emo051_NSTTF_Heliostat_5W01_exaggerated_z__yz_3.71z4.42.txt
INFO:singleprocessing:In View3d.save(), saving figure: mirror\data\output\ExampleMirrorOutput\emo052_NSTTF_Heliostat_14W01_exaggerated_z__3d_4.36z5.07.png
INFO:singleprocessing:Saving figure text: mirror\data\output\ExampleMirrorOutput\emo052_NSTTF_Heliostat_14W01_exaggerated_z__3d_4.36z5.07.txt
INFO:singleprocessing:In View3d.save(), saving figure: mirror\data\output\ExampleMirrorOutput\emo053_NSTTF_Heliostat_14W01_exaggerated_z__yz_4.36z5.07.png
INFO:singleprocessing:Saving figure text: mirror\data\output\ExampleMirrorOutput\emo053_NSTTF_Heliostat_14W01_exaggerated_z__yz_4.36z5.07.txt
INFO:singleprocessing:

Starting ExampleMirrorOutput.example_heliostat_stages()...
INFO:singleprocessing:Closing existing plot windows...
INFO:singleprocessing:Resetting figure management structure...
INFO:singleprocessing:In View3d.save(), saving figure: mirror\data\output\ExampleMirrorOutput\emo060_NSTTF_Heliostat_Short_Focal_Length_Without_Canting_3d.png
INFO:singleprocessing:Saving figure text: mirror\data\output\ExampleMirrorOutput\emo060_NSTTF_Heliostat_Short_Focal_Length_Without_Canting_3d.txt
INFO:singleprocessing:In View3d.save(), saving figure: mirror\data\output\ExampleMirrorOutput\emo061_NSTTF_Heliostat_Short_Focal_Length_Canted_and_Lifted_3d.png
INFO:singleprocessing:Saving figure text: mirror\data\output\ExampleMirrorOutput\emo061_NSTTF_Heliostat_Short_Focal_Length_Canted_and_Lifted_3d.txt
INFO:singleprocessing:In View3d.save(), saving figure: mirror\data\output\ExampleMirrorOutput\emo062_NSTTF_Heliostat_Short_Focal_Length_With_Canting_3d.png
INFO:singleprocessing:Saving figure text: mirror\data\output\ExampleMirrorOutput\emo062_NSTTF_Heliostat_Short_Focal_Length_With_Canting_3d.txt
INFO:singleprocessing:In View3d.save(), saving figure: mirror\data\output\ExampleMirrorOutput\emo063_NSTTF_Heliostat_Short_Focal_Length_With_Canting_and_Tracking_3d.png
INFO:singleprocessing:Saving figure text: mirror\data\output\ExampleMirrorOutput\emo063_NSTTF_Heliostat_Short_Focal_Length_With_Canting_and_Tracking_3d.txt
INFO:singleprocessing:All tests complete.
